[www.dogebsc.io/index.html]
[backblue.gif]
[fade.gif]
[index.html]
[ajax.googleapis.com/ajax/libs/webfont/1.6.26/webfont.js]
[use.typekit.net/dpj7ewq.js]
[assets.website-files.com/602ec5c64ccd0a3919e9ef6c/602ec5c64ccd0a46a8e9f01f_favicon.png]
[assets.website-files.com/602ec5c64ccd0a3919e9ef6c/602ec5c64ccd0a1fd7e9eff1_favicon-256.png]
[www.dogebsc.io/dogebsc-protocol.html]
[www.dogebsc.io/hard-protocol.html]
[www.dogebsc.io/about.html]
[www.dogebsc.io/stats.html]
[www.dogebsc.io/brand-assets.html]
[assets.website-files.com/602ec5c64ccd0a3919e9ef6c/603558fd20d495bdaf8b2986_roadmap-menu-thumb.jpg]
[assets.website-files.com/602ec5c64ccd0a3919e9ef6c/603410268e88e66ee2a86963_binance-card.jpg]
[assets.website-files.com/602ec5c64ccd0a3919e9ef6c/js/dogebsc-staging-03-21.8ee0cc915.js]
[d3e54v103j8qbb.cloudfront.net/js/jquery-3.5.1.min.dc5e7f18c82504.js]
[cdnjs.cloudflare.com/ajax/libs/jquery/2.1.3/jquery.min.js]
[cdnjs.cloudflare.com/ajax/libs/waypoints/2.0.3/waypoints.min.js]
[www.dogebsc.io/index.html]
[cdn.jsdelivr.net/jquery.counterup/1.0/jquery.counterup.min.js]
[www.dogebsc.io/dogebsc-protocol.html]
[www.dogebsc.io/hard-protocol.html]
[assets.website-files.com/602ec5c64ccd0a3919e9ef6c/css/dogebsc-staging-03-21.dcc38aa9f.css]
[assets.website-files.com/602ec5c64ccd0a3919e9ef6c/60356078c558e3722fbad4fc_team.png]
[www.dogebsc.io/about.html]
[www.dogebsc.io/stats.html]
[assets.website-files.com/602ec5c64ccd0a3919e9ef6c/6035a6c6103e38137ced7b37_Dogebsc-logo-white.png]
[www.dogebsc.io/brand-assets.html]
[assets.website-files.com/602ec5c64ccd0a3919e9ef6c/css/dogebsc-staging-03-21.dcc38aa9f.css]
[assets.website-files.com/602ec5c64ccd0a3919e9ef6c/603589a9542efb50b5018857_Dogebsc-logo.png]
[assets.website-files.com/602ec5c64ccd0a3919e9ef6c/6035a71e859841c4c1d1d357_Dogebsc-icon.png]
[assets.website-files.com/602ec5c64ccd0a3919e9ef6c/6035a74d1fc3b4a4493b0b09_Dogebsc-icon-white.png]
[www.dogebsc.io/_https_/assets.website-files.com/602ec5c64ccd0a3919e9ef6c/6037ee866f1fb44a3ee6892b_binance-swipe-poster-00001.html]
[www.dogebsc.io/_https_/assets.website-files.com/602ec5c64ccd0a3919e9ef6c/60396008ba16f830ca46582d_dogebsc-supply btc-poster-00001.html]
